
> demo-webapp@0.1.0 build
> next build

node.exe : ΓÜá Warning: Next.js inferred your workspace root, but it may 
not be correct.
At line:1 char:1
+ & "C:\Program Files\nodejs/node.exe" "C:\Program Files\nodejs/node_mo 
...
+ ~~~~~~~~~~~~~~~~~~~~~~~~~~~~~~~~~~~~~~~~~~~~~~~~~~~~~~~~~~~~~~~~~~~~~
    + CategoryInfo          : NotSpecified: (ΓÜá Warning: Ne...not be cor 
   rect.:String) [], RemoteException
    + FullyQualifiedErrorId : NativeCommandError
 
 We detected multiple lockfiles and selected the directory of 
D:\college\PROJECTS\Swasthya AI\Demo\package-lock.json as the root 
directory.
 To silence this warning, set `turbopack.root` in your Next.js config, or 
consider removing one of the lockfiles if it's not needed.
   See https://nextjs.org/docs/app/api-reference/config/next-config-js/tur
bopack#root-directory for more information.
 Detected additional lockfiles: 
   * D:\college\PROJECTS\Swasthya AI\Demo\demo-webapp\package-lock.json

Γû▓ Next.js 16.2.2 (Turbopack)

  Creating an optimized production build ...
Found 1 warning while optimizing generated CSS:

[2mΓöé   }[22m
[2mΓöé }[22m
[2mΓöé[22m @import url('https://fonts.googleapis.com/css2?family=Sora:wg
ht@400;500;600;700;800&family=DM+Sans:ital,opsz,wght@0,9..40,300;0,9..40,4
00;0,9..40,500;0,9..40,600&family=JetBrains+Mono:wght@400;500&display=swap
');
[2mΓöå[22m        [33m[2m^--[22m @import rules must precede all 
rules aside from @charset and @layer statements[39m
[2mΓöå[22m
[2mΓöé :root {[22m
[2mΓöé   --blue-950: #050f2e;[22m


> Build error occurred
Error: Turbopack build failed with 3 errors:
./demo-webapp/src/components/medicine/MedicineSchedule.tsx:8:1
Module not found: Can't resolve 
'../../../../public/animations/checkmark.json'
  [90m 6 |[0m [36mimport[0m toast [36mfrom[0m 
[32m'react-hot-toast'[0m;
  [90m 7 |[0m [36mimport[0m dynamic [36mfrom[0m 
[32m'next/dynamic'[0m;
[31m[1m>[0m [90m 8 |[0m [36mimport[0m checkmarkAnim [36mfrom[0m 
[32m'../../../../public/animations/checkmark.json'[0m;
  [90m   |[0m [31m[1m^^^^^^^^^^^^^^^^^^^^^^^^^^^^^^^^^^^^^^^^^^^^^^^^^
^^^^^^^^^^^^^^^^^^^^^^^^[0m
  [90m 9 |[0m
  [90m10 |[0m [36mconst[0m [33mLottie[0m = dynamic(() => 
[36mimport[0m([32m'lottie-react'[0m), { ssr: [36mfalse[0m });
  [90m11 |[0m



Import traces:
  Client Component Browser:
    ./demo-webapp/src/components/medicine/MedicineSchedule.tsx [Client 
Component Browser]
    ./demo-webapp/src/components/medicine/MedicineMain.tsx [Client 
Component Browser]
    ./demo-webapp/app/page.tsx [Client Component Browser]
    ./demo-webapp/app/page.tsx [Server Component]

  Client Component SSR:
    ./demo-webapp/src/components/medicine/MedicineSchedule.tsx [Client 
Component SSR]
    ./demo-webapp/src/components/medicine/MedicineMain.tsx [Client 
Component SSR]
    ./demo-webapp/app/page.tsx [Client Component SSR]
    ./demo-webapp/app/page.tsx [Server Component]

https://nextjs.org/docs/messages/module-not-found


./demo-webapp/src/components/dashboard
Module not found: Can't resolve './public/animations/ai_pulse.json'
server relative imports are not implemented yet. Please try an import 
relative to the file you are importing from.


https://nextjs.org/docs/messages/module-not-found


./demo-webapp/src/components/dashboard/HealthSummaryCard.tsx:8:1
Module not found: Can't resolve '/public/animations/ai_pulse.json'
  [90m 6 |[0m
  [90m 7 |[0m [36mconst[0m [33mLottie[0m = dynamic(() => 
[36mimport[0m([32m'lottie-react'[0m), { ssr: [36mfalse[0m });
[31m[1m>[0m [90m 8 |[0m [36mimport[0m aiPulse [36mfrom[0m 
[32m'/public/animations/ai_pulse.json'[0m;
  [90m   |[0m 
[31m[1m^^^^^^^^^^^^^^^^^^^^^^^^^^^^^^^^^^^^^^^^^^^^^^^^^^^^^^^[0m
  [90m 9 |[0m
  [90m10 |[0m [36minterface[0m [33mHealthSummaryCardProps[0m {
  [90m11 |[0m   summary: string;



Import traces:
  Client Component Browser:
    ./demo-webapp/src/components/dashboard/HealthSummaryCard.tsx [Client 
Component Browser]
    ./demo-webapp/src/components/dashboard/DashboardMain.tsx [Client 
Component Browser]
    ./demo-webapp/app/page.tsx [Client Component Browser]
    ./demo-webapp/app/page.tsx [Server Component]

  Client Component SSR:
    ./demo-webapp/src/components/dashboard/HealthSummaryCard.tsx [Client 
Component SSR]
    ./demo-webapp/src/components/dashboard/DashboardMain.tsx [Client 
Component SSR]
    ./demo-webapp/app/page.tsx [Client Component SSR]
    ./demo-webapp/app/page.tsx [Server Component]

https://nextjs.org/docs/messages/module-not-found


    at <unknown> 
(./demo-webapp/src/components/medicine/MedicineSchedule.tsx:8:1)
    at <unknown> (https://nextjs.org/docs/messages/module-not-found)
    at <unknown> (https://nextjs.org/docs/messages/module-not-found)
    at <unknown> 
(./demo-webapp/src/components/dashboard/HealthSummaryCard.tsx:8:1)
    at <unknown> (https://nextjs.org/docs/messages/module-not-found)
